[INFO] Scanning for projects...
[WARNING] Could not transfer metadata org.slf4j:slf4j-api/maven-metadata.xml from/to maven-default-http-blocker (http://0.0.0.0/): Blocked mirror for repositories: [apache.snapshots (http://repository.apache.org/snapshots, default, snapshots)]
[INFO] 
[INFO] ------------------< com.fooddelivery:ledger-service >-------------------
[INFO] Building ledger-service 1.0-SNAPSHOT
[INFO]   from pom.xml
[INFO] --------------------------------[ jar ]---------------------------------
[INFO] 
[INFO] --- resources:3.3.1:resources (default-resources) @ ledger-service ---
[INFO] Copying 1 resource from src/main/resources to target/classes
[INFO] Copying 2 resources from src/main/resources to target/classes
[INFO] 
[INFO] --- compiler:3.13.0:compile (default-compile) @ ledger-service ---
[INFO] Nothing to compile - all classes are up to date.
[INFO] 
[INFO] --- spring-cloud-contract:4.1.2:generateTests (default-generateTests) @ ledger-service ---
[INFO] Generating server tests source code for Spring Cloud Contract Verifier contract verification
[INFO] Will use contracts provided in the folder [/Users/parthureddy/Documents/Food Delivery.nosync/LedgerService/src/test/resources/contracts]
[INFO] Directory with contract is present at [/Users/parthureddy/Documents/Food Delivery.nosync/LedgerService/src/test/resources/contracts]
[INFO] Nothing to generate - all classes are up to date
[INFO] 
[INFO] --- exec:3.1.0:exec (check-stale-contracts) @ ledger-service ---
[INFO] 
[INFO] --- spring-cloud-contract:4.1.2:convert (default-convert) @ ledger-service ---
[INFO] Will use contracts provided in the folder [/Users/parthureddy/Documents/Food Delivery.nosync/LedgerService/src/test/resources/contracts]
[INFO] Nothing to generate - all stubs are up to date
[INFO] 
[INFO] --- resources:3.3.1:testResources (default-testResources) @ ledger-service ---
[INFO] Copying 6 resources from src/test/resources to target/test-classes
[INFO] 
[INFO] --- compiler:3.13.0:testCompile (default-testCompile) @ ledger-service ---
[INFO] Nothing to compile - all classes are up to date.
[INFO] 
[INFO] --- surefire:3.2.5:test (default-test) @ ledger-service ---
[INFO] Using auto detected provider org.apache.maven.surefire.junitplatform.JUnitPlatformProvider
[INFO] 
[INFO] -------------------------------------------------------
[INFO]  T E S T S
[INFO] -------------------------------------------------------
[INFO] Running com.fooddelivery.ledger.controller.LedgerControllerAuthorizationTest
  .   ____          _            __ _ _
 /\\ / ___'_ __ _ _(_)_ __  __ _ \ \ \ \
( ( )\___ | '_ | '_| | '_ \/ _` | \ \ \ \
 \\/  ___)| |_)| | | | | || (_| |  ) ) ) )
  '  |____| .__|_| |_|_| |_\__, | / / / /
 =========|_|==============|___/=/_/_/_/

 :: Spring Boot ::                (v3.3.0)

{"@timestamp":"2026-09-04T14:49:07.712304+05:30","@version":"1","message":"Starting LedgerControllerAuthorizationTest using Java 26.0.1 with PID 57485 (started by parthureddy in /Users/parthureddy/Documents/Food Delivery.nosync/LedgerService)","logger_name":"com.fooddelivery.ledger.controller.LedgerControllerAuthorizationTest","thread_name":"main","level":"INFO","level_value":20000,"springAppName":"ledger-service","app_name":"ledger-service"}
{"@timestamp":"2026-09-04T14:49:07.752622+05:30","@version":"1","message":"No active profile set, falling back to 1 default profile: \"default\"","logger_name":"com.fooddelivery.ledger.controller.LedgerControllerAuthorizationTest","thread_name":"main","level":"INFO","level_value":20000,"springAppName":"ledger-service","app_name":"ledger-service"}
{"@timestamp":"2026-09-04T14:49:13.943004+05:30","@version":"1","message":"\n\nUsing generated security password: 5939276d-8530-40f5-acca-cd3b3f702103\n\nThis generated password is for development use only. Your security configuration must be updated before running your application in production.\n","logger_name":"org.springframework.boot.autoconfigure.security.servlet.UserDetailsServiceAutoConfiguration","thread_name":"main","level":"WARN","level_value":30000,"springAppName":"ledger-service","app_name":"ledger-service"}
{"@timestamp":"2026-09-04T14:49:14.049913+05:30","@version":"1","message":"Global AuthenticationManager configured with UserDetailsService bean with name inMemoryUserDetailsManager","logger_name":"org.springframework.security.config.annotation.authentication.configuration.InitializeUserDetailsBeanManagerConfigurer$InitializeUserDetailsManagerConfigurer","thread_name":"main","level":"INFO","level_value":20000,"springAppName":"ledger-service","app_name":"ledger-service"}
{"@timestamp":"2026-09-04T14:49:16.538623+05:30","@version":"1","message":"Will secure any request with [org.springframework.security.web.session.DisableEncodeUrlFilter@13ae87a6, org.springframework.security.web.context.request.async.WebAsyncManagerIntegrationFilter@774189d0, org.springframework.security.web.context.SecurityContextHolderFilter@468646ea, org.springframework.security.web.header.HeaderWriterFilter@254d8ef6, org.springframework.security.web.authentication.logout.LogoutFilter@40d04cf8, com.fooddelivery.common.security.SecurityContextFilter@237ee2e1, org.springframework.security.web.savedrequest.RequestCacheAwareFilter@20462820, org.springframework.security.web.servletapi.SecurityContextHolderAwareRequestFilter@267b678f, org.springframework.security.web.authentication.AnonymousAuthenticationFilter@22c4354d, org.springframework.security.web.session.SessionManagementFilter@633cad4d, org.springframework.security.web.access.ExceptionTranslationFilter@29ae2517, org.springframework.security.web.access.intercept.AuthorizationFilter@5d373794]","logger_name":"org.springframework.security.web.DefaultSecurityFilterChain","thread_name":"main","level":"INFO","level_value":20000,"springAppName":"ledger-service","app_name":"ledger-service"}
{"@timestamp":"2026-09-04T14:49:21.824823+05:30","@version":"1","message":"Initializing Spring TestDispatcherServlet ''","logger_name":"org.springframework.boot.test.mock.web.SpringBootMockServletContext","thread_name":"main","level":"INFO","level_value":20000,"springAppName":"ledger-service","app_name":"ledger-service"}
{"@timestamp":"2026-09-04T14:49:21.827683+05:30","@version":"1","message":"Initializing Servlet ''","logger_name":"org.springframework.test.web.servlet.TestDispatcherServlet","thread_name":"main","level":"INFO","level_value":20000,"springAppName":"ledger-service","app_name":"ledger-service"}
{"@timestamp":"2026-09-04T14:49:21.83502+05:30","@version":"1","message":"Completed initialization in 5 ms","logger_name":"org.springframework.test.web.servlet.TestDispatcherServlet","thread_name":"main","level":"INFO","level_value":20000,"springAppName":"ledger-service","app_name":"ledger-service"}
{"@timestamp":"2026-09-04T14:49:22.039327+05:30","@version":"1","message":"Started LedgerControllerAuthorizationTest in 18.505 seconds (process running for 21.272)","logger_name":"com.fooddelivery.ledger.controller.LedgerControllerAuthorizationTest","thread_name":"main","level":"INFO","level_value":20000,"springAppName":"ledger-service","app_name":"ledger-service"}
BEANS:
ledgerControllerAuthorizationTest.ObservationConfig
com.fooddelivery.ledger.repository.ILedgerAccountRepository#0
com.fooddelivery.ledger.service.DoubleEntryLedgerService#0
{ [/error]} -> org.springframework.boot.autoconfigure.web.servlet.error.BasicErrorController#error(HttpServletRequest)
{ [/error], produces [text/html]} -> org.springframework.boot.autoconfigure.web.servlet.error.BasicErrorController#errorHtml(HttpServletRequest, HttpServletResponse)
{"@timestamp":"2026-09-04T14:49:22.739741+05:30","@version":"1","message":"SecurityContextFilter [GET /api/v1/ledger/accounts/CUSTOMER/cec751e2-7d49-44fa-8d3e-5b7cdd32f2cd] - Headers: X-User-Id=null, X-User-Roles=null","logger_name":"com.fooddelivery.common.security.SecurityContextFilter","thread_name":"main","level":"INFO","level_value":20000,"springAppName":"ledger-service","app_name":"ledger-service"}
{"@timestamp":"2026-09-04T14:49:22.743806+05:30","@version":"1","message":"SecurityContextFilter - Missing headers! Proceeding unauthenticated.","logger_name":"com.fooddelivery.common.security.SecurityContextFilter","thread_name":"main","level":"WARN","level_value":30000,"springAppName":"ledger-service","app_name":"ledger-service"}

MockHttpServletRequest:
      HTTP Method = GET
      Request URI = /api/v1/ledger/accounts/CUSTOMER/cec751e2-7d49-44fa-8d3e-5b7cdd32f2cd
       Parameters = {}
          Headers = []
             Body = null
    Session Attrs = {}

Handler:
             Type = org.springframework.web.servlet.resource.ResourceHttpRequestHandler

Async:
    Async started = false
     Async result = null

Resolved Exception:
             Type = org.springframework.web.servlet.resource.NoResourceFoundException

ModelAndView:
        View name = null
             View = null
            Model = null

FlashMap:
       Attributes = null

MockHttpServletResponse:
           Status = 404
    Error message = No static resource api/v1/ledger/accounts/CUSTOMER/cec751e2-7d49-44fa-8d3e-5b7cdd32f2cd.
          Headers = [Vary:"Origin", "Access-Control-Request-Method", "Access-Control-Request-Headers", X-Content-Type-Options:"nosniff", X-XSS-Protection:"0", Cache-Control:"no-cache, no-store, max-age=0, must-revalidate", Pragma:"no-cache", Expires:"0", X-Frame-Options:"DENY"]
     Content type = null
             Body = 
    Forwarded URL = null
   Redirected URL = null
          Cookies = []
BEANS:
ledgerControllerAuthorizationTest.ObservationConfig
com.fooddelivery.ledger.repository.ILedgerAccountRepository#0
com.fooddelivery.ledger.service.DoubleEntryLedgerService#0
{ [/error]} -> org.springframework.boot.autoconfigure.web.servlet.error.BasicErrorController#error(HttpServletRequest)
{ [/error], produces [text/html]} -> org.springframework.boot.autoconfigure.web.servlet.error.BasicErrorController#errorHtml(HttpServletRequest, HttpServletResponse)
{"@timestamp":"2026-09-04T14:49:23.61475+05:30","@version":"1","message":"SecurityContextFilter [GET /api/v1/ledger/accounts/CUSTOMER/fec49e45-68b2-47c0-a224-44897adb65e9] - Headers: X-User-Id=null, X-User-Roles=null","logger_name":"com.fooddelivery.common.security.SecurityContextFilter","thread_name":"main","level":"INFO","level_value":20000,"springAppName":"ledger-service","app_name":"ledger-service"}
{"@timestamp":"2026-09-04T14:49:23.637932+05:30","@version":"1","message":"SecurityContextFilter - Missing headers! Proceeding unauthenticated.","logger_name":"com.fooddelivery.common.security.SecurityContextFilter","thread_name":"main","level":"WARN","level_value":30000,"springAppName":"ledger-service","app_name":"ledger-service"}

MockHttpServletRequest:
      HTTP Method = GET
      Request URI = /api/v1/ledger/accounts/CUSTOMER/fec49e45-68b2-47c0-a224-44897adb65e9
       Parameters = {}
          Headers = []
             Body = null
    Session Attrs = {}

Handler:
             Type = org.springframework.web.servlet.resource.ResourceHttpRequestHandler

Async:
    Async started = false
     Async result = null

Resolved Exception:
             Type = org.springframework.web.servlet.resource.NoResourceFoundException

ModelAndView:
        View name = null
             View = null
            Model = null

FlashMap:
       Attributes = null

MockHttpServletResponse:
           Status = 404
    Error message = No static resource api/v1/ledger/accounts/CUSTOMER/fec49e45-68b2-47c0-a224-44897adb65e9.
          Headers = [Vary:"Origin", "Access-Control-Request-Method", "Access-Control-Request-Headers", X-Content-Type-Options:"nosniff", X-XSS-Protection:"0", Cache-Control:"no-cache, no-store, max-age=0, must-revalidate", Pragma:"no-cache", Expires:"0", X-Frame-Options:"DENY"]
     Content type = null
             Body = 
    Forwarded URL = null
   Redirected URL = null
          Cookies = []

MockHttpServletRequest:
      HTTP Method = GET
      Request URI = /api/v1/ledger/accounts/CUSTOMER/fec49e45-68b2-47c0-a224-44897adb65e9
       Parameters = {}
          Headers = []
             Body = null
    Session Attrs = {}

Handler:
             Type = org.springframework.web.servlet.resource.ResourceHttpRequestHandler

Async:
    Async started = false
     Async result = null

Resolved Exception:
             Type = org.springframework.web.servlet.resource.NoResourceFoundException

ModelAndView:
        View name = null
             View = null
            Model = null

FlashMap:
       Attributes = null

MockHttpServletResponse:
           Status = 404
    Error message = No static resource api/v1/ledger/accounts/CUSTOMER/fec49e45-68b2-47c0-a224-44897adb65e9.
          Headers = [Vary:"Origin", "Access-Control-Request-Method", "Access-Control-Request-Headers", X-Content-Type-Options:"nosniff", X-XSS-Protection:"0", Cache-Control:"no-cache, no-store, max-age=0, must-revalidate", Pragma:"no-cache", Expires:"0", X-Frame-Options:"DENY"]
     Content type = null
             Body = 
    Forwarded URL = null
   Redirected URL = null
          Cookies = []
[ERROR] Tests run: 2, Failures: 2, Errors: 0, Skipped: 0, Time elapsed: 20.74 s <<< FAILURE! -- in com.fooddelivery.ledger.controller.LedgerControllerAuthorizationTest
[ERROR] com.fooddelivery.ledger.controller.LedgerControllerAuthorizationTest.getAccount_Forbidden_WhenPolicyDenies -- Time elapsed: 1.285 s <<< FAILURE!
java.lang.AssertionError: Status expected:<403> but was:<404>
	at org.springframework.test.util.AssertionErrors.fail(AssertionErrors.java:59)
	at org.springframework.test.util.AssertionErrors.assertEquals(AssertionErrors.java:122)
	at org.springframework.test.web.servlet.result.StatusResultMatchers.lambda$matcher$9(StatusResultMatchers.java:637)
	at org.springframework.test.web.servlet.MockMvc$1.andExpect(MockMvc.java:214)
	at com.fooddelivery.ledger.controller.LedgerControllerAuthorizationTest.getAccount_Forbidden_WhenPolicyDenies(LedgerControllerAuthorizationTest.java:100)
	at java.base/java.lang.reflect.Method.invoke(Method.java:565)
	at java.base/java.util.ArrayList.forEach(ArrayList.java:1612)
	at java.base/java.util.ArrayList.forEach(ArrayList.java:1612)

[ERROR] com.fooddelivery.ledger.controller.LedgerControllerAuthorizationTest.getAccount_Allowed_WhenPolicyAllows -- Time elapsed: 0.128 s <<< FAILURE!
java.lang.AssertionError: Status expected:<200> but was:<404>
	at org.springframework.test.util.AssertionErrors.fail(AssertionErrors.java:59)
	at org.springframework.test.util.AssertionErrors.assertEquals(AssertionErrors.java:122)
	at org.springframework.test.web.servlet.result.StatusResultMatchers.lambda$matcher$9(StatusResultMatchers.java:637)
	at org.springframework.test.web.servlet.MockMvc$1.andExpect(MockMvc.java:214)
	at com.fooddelivery.ledger.controller.LedgerControllerAuthorizationTest.getAccount_Allowed_WhenPolicyAllows(LedgerControllerAuthorizationTest.java:90)
	at java.base/java.lang.reflect.Method.invoke(Method.java:565)
	at java.base/java.util.ArrayList.forEach(ArrayList.java:1612)
	at java.base/java.util.ArrayList.forEach(ArrayList.java:1612)

[INFO] 
[INFO] Results:
[INFO] 
[ERROR] Failures: 
[ERROR]   LedgerControllerAuthorizationTest.getAccount_Allowed_WhenPolicyAllows:90 Status expected:<200> but was:<404>
[ERROR]   LedgerControllerAuthorizationTest.getAccount_Forbidden_WhenPolicyDenies:100 Status expected:<403> but was:<404>
[INFO] 
[ERROR] Tests run: 2, Failures: 2, Errors: 0, Skipped: 0
[INFO] 
[INFO] ------------------------------------------------------------------------
[INFO] BUILD FAILURE
[INFO] ------------------------------------------------------------------------
[INFO] Total time:  39.068 s
[INFO] Finished at: 2026-09-04T14:49:24+05:30
[INFO] ------------------------------------------------------------------------
[ERROR] Failed to execute goal org.apache.maven.plugins:maven-surefire-plugin:3.2.5:test (default-test) on project ledger-service: There are test failures.
[ERROR] 
[ERROR] Please refer to /Users/parthureddy/Documents/Food Delivery.nosync/LedgerService/target/surefire-reports for the individual test results.
[ERROR] Please refer to dump files (if any exist) [date].dump, [date]-jvmRun[N].dump and [date].dumpstream.
[ERROR] -> [Help 1]
[ERROR] 
[ERROR] To see the full stack trace of the errors, re-run Maven with the -e switch.
[ERROR] Re-run Maven using the -X switch to enable full debug logging.
[ERROR] 
[ERROR] For more information about the errors and possible solutions, please read the following articles:
[ERROR] [Help 1] http://cwiki.apache.org/confluence/display/MAVEN/MojoFailureException
